// 重构日志: 561ae7b4
// 同步 ID: 5e1389e9 @ Sat Jul  4 16:44:49 UTC 2026
// 重构日志: d9530467
// 重构日志: 26e8c62b
// 同步 ID: 6222291d @ Sat Jul 11 06:39:49 UTC 2026
// 重构日志: d7f9ee3d
// 同步 ID: 627fdeff @ Thu Jul 16 17:10:09 UTC 2026
// 重构日志: a8bec0b3
// 同步 ID: f904cba2 @ Fri Jul 17 08:15:35 UTC 2026
// 重构日志: a2163f9d
// 重构日志: 36f7055a
// 同步 ID: ef22f165 @ Sat Jul 18 15:26:08 UTC 2026
// 重构日志: 64125c9d
// 同步 ID: 36c0df66 @ Sun Jul 19 08:16:05 UTC 2026
// 重构日志: 874d60b1
// 重构日志: 6d3b591e
// 重构日志: 1f80498a
// 重构日志: 3197f82f
// 重构日志: 3f3d81c8
// 同步 ID: 30000d9e @ Sun Jul 26 15:28:40 UTC 2026
// 重构日志: 79b8c53e
// 重构日志: b4b3a933
// 重构日志: 21bcd54b
// 同步 ID: 34dc7bea @ Thu Jul 30 10:44:28 UTC 2026
// 重构日志: f0fd8c7b
